// Jest Snapshot v1, https://goo.gl/fbAQLP

exports[`works 1`] = `
Array [
  Object {
    "added": undefined,
    "count": 1,
    "removed": true,
    "value": "a",
  },
  Object {
    "added": true,
    "count": 1,
    "removed": undefined,
    "value": "b",
  },
]
`;
